[fprintf] This line is written to a file.
